[INFO] Scanning for projects...
[INFO] 
[INFO] ------------------------< com.example:ETourApp >------------------------
[INFO] Building ETourApp 0.0.1-SNAPSHOT
[INFO]   from pom.xml
[INFO] --------------------------------[ jar ]---------------------------------
[INFO] 
[INFO] --- resources:3.3.1:resources (default-resources) @ ETourApp ---
[INFO] Copying 2 resources from src\main\resources to target\classes
[INFO] Copying 31 resources from src\main\resources to target\classes
[INFO] 
[INFO] --- compiler:3.14.1:compile (default-compile) @ ETourApp ---
[INFO] Recompiling the module because of changed source code.
[INFO] Compiling 99 source files with javac [debug parameters release 17] to target\classes
[INFO] -------------------------------------------------------------
[ERROR] COMPILATION ERROR : 
[INFO] -------------------------------------------------------------
[ERROR] /D:/CDAC/project/prjejject/src/main/java/com/etour/app/service/BookingServiceTest.java:[3,36] package org.junit.jupiter.api does not exist
[ERROR] /D:/CDAC/project/prjejject/src/main/java/com/etour/app/service/BookingServiceTest.java:[4,26] package org.mockito does not exist
[ERROR] /D:/CDAC/project/prjejject/src/main/java/com/etour/app/service/BookingServiceTest.java:[4,1] static import only from classes and interfaces
[ERROR] /D:/CDAC/project/prjejject/src/main/java/com/etour/app/service/BookingServiceTest.java:[5,26] package org.mockito does not exist
[ERROR] /D:/CDAC/project/prjejject/src/main/java/com/etour/app/service/BookingServiceTest.java:[13,29] package org.junit.jupiter.api does not exist
[ERROR] /D:/CDAC/project/prjejject/src/main/java/com/etour/app/service/BookingServiceTest.java:[14,29] package org.junit.jupiter.api does not exist
[ERROR] /D:/CDAC/project/prjejject/src/main/java/com/etour/app/service/BookingServiceTest.java:[15,39] package org.junit.jupiter.api.extension does not exist
[ERROR] /D:/CDAC/project/prjejject/src/main/java/com/etour/app/service/BookingServiceTest.java:[16,19] package org.mockito does not exist
[ERROR] /D:/CDAC/project/prjejject/src/main/java/com/etour/app/service/BookingServiceTest.java:[17,19] package org.mockito does not exist
[ERROR] /D:/CDAC/project/prjejject/src/main/java/com/etour/app/service/BookingServiceTest.java:[18,33] package org.mockito.junit.jupiter does not exist
[ERROR] /D:/CDAC/project/prjejject/src/main/java/com/etour/app/service/BookingServiceTest.java:[27,2] cannot find symbol
  symbol: class ExtendWith
[ERROR] /D:/CDAC/project/prjejject/src/main/java/com/etour/app/service/BookingServiceTest.java:[27,13] cannot find symbol
  symbol: class MockitoExtension
[ERROR] /D:/CDAC/project/prjejject/src/main/java/com/etour/app/service/BookingServiceTest.java:[31,6] cannot find symbol
  symbol:   class InjectMocks
  location: class com.etour.app.service.BookingServiceTest
[ERROR] /D:/CDAC/project/prjejject/src/main/java/com/etour/app/service/BookingServiceTest.java:[35,6] cannot find symbol
  symbol:   class Mock
  location: class com.etour.app.service.BookingServiceTest
[ERROR] /D:/CDAC/project/prjejject/src/main/java/com/etour/app/service/BookingServiceTest.java:[36,6] cannot find symbol
  symbol:   class Mock
  location: class com.etour.app.service.BookingServiceTest
[ERROR] /D:/CDAC/project/prjejject/src/main/java/com/etour/app/service/BookingServiceTest.java:[37,6] cannot find symbol
  symbol:   class Mock
  location: class com.etour.app.service.BookingServiceTest
[ERROR] /D:/CDAC/project/prjejject/src/main/java/com/etour/app/service/BookingServiceTest.java:[38,6] cannot find symbol
  symbol:   class Mock
  location: class com.etour.app.service.BookingServiceTest
[ERROR] /D:/CDAC/project/prjejject/src/main/java/com/etour/app/service/BookingServiceTest.java:[39,6] cannot find symbol
  symbol:   class Mock
  location: class com.etour.app.service.BookingServiceTest
[ERROR] /D:/CDAC/project/prjejject/src/main/java/com/etour/app/service/BookingServiceTest.java:[40,6] cannot find symbol
  symbol:   class Mock
  location: class com.etour.app.service.BookingServiceTest
[ERROR] /D:/CDAC/project/prjejject/src/main/java/com/etour/app/service/BookingServiceTest.java:[49,6] cannot find symbol
  symbol:   class BeforeEach
  location: class com.etour.app.service.BookingServiceTest
[ERROR] /D:/CDAC/project/prjejject/src/main/java/com/etour/app/service/BookingServiceTest.java:[81,6] cannot find symbol
  symbol:   class Test
  location: class com.etour.app.service.BookingServiceTest
[ERROR] /D:/CDAC/project/prjejject/src/main/java/com/etour/app/service/BookingServiceTest.java:[131,6] cannot find symbol
  symbol:   class Test
  location: class com.etour.app.service.BookingServiceTest
[ERROR] /D:/CDAC/project/prjejject/src/main/java/com/etour/app/service/BookingServiceTest.java:[104,9] cannot find symbol
  symbol:   method when(java.util.Optional<com.etour.app.entity.CustomerMaster>)
  location: class com.etour.app.service.BookingServiceTest
[ERROR] /D:/CDAC/project/prjejject/src/main/java/com/etour/app/service/BookingServiceTest.java:[105,9] cannot find symbol
  symbol:   method when(java.util.Optional<com.etour.app.entity.TourMaster>)
  location: class com.etour.app.service.BookingServiceTest
[ERROR] /D:/CDAC/project/prjejject/src/main/java/com/etour/app/service/BookingServiceTest.java:[106,9] cannot find symbol
  symbol:   method when(java.util.Optional<com.etour.app.entity.DepartureDateMaster>)
  location: class com.etour.app.service.BookingServiceTest
[ERROR] /D:/CDAC/project/prjejject/src/main/java/com/etour/app/service/BookingServiceTest.java:[107,9] cannot find symbol
  symbol:   method when(java.util.List<com.etour.app.entity.CostMaster>)
  location: class com.etour.app.service.BookingServiceTest
[ERROR] /D:/CDAC/project/prjejject/src/main/java/com/etour/app/service/BookingServiceTest.java:[112,31] cannot find symbol
  symbol:   method any(java.lang.Class<com.etour.app.entity.BookingHeader>)
  location: class com.etour.app.service.BookingServiceTest
[ERROR] /D:/CDAC/project/prjejject/src/main/java/com/etour/app/service/BookingServiceTest.java:[117,9] cannot find symbol
  symbol:   method assertNotNull(com.etour.app.entity.BookingHeader)
  location: class com.etour.app.service.BookingServiceTest
[ERROR] /D:/CDAC/project/prjejject/src/main/java/com/etour/app/service/BookingServiceTest.java:[118,9] cannot find symbol
  symbol:   method assertEquals(int,java.lang.Integer)
  location: class com.etour.app.service.BookingServiceTest
[ERROR] /D:/CDAC/project/prjejject/src/main/java/com/etour/app/service/BookingServiceTest.java:[120,9] cannot find symbol
  symbol:   method verify(com.etour.app.repository.CustomerRepository)
  location: class com.etour.app.service.BookingServiceTest
[ERROR] /D:/CDAC/project/prjejject/src/main/java/com/etour/app/service/BookingServiceTest.java:[121,9] cannot find symbol
  symbol:   method verify(com.etour.app.repository.TourRepository)
  location: class com.etour.app.service.BookingServiceTest
[ERROR] /D:/CDAC/project/prjejject/src/main/java/com/etour/app/service/BookingServiceTest.java:[122,9] cannot find symbol
  symbol:   method verify(com.etour.app.repository.DepartureDateRepository)
  location: class com.etour.app.service.BookingServiceTest
[ERROR] /D:/CDAC/project/prjejject/src/main/java/com/etour/app/service/BookingServiceTest.java:[123,9] cannot find symbol
  symbol:   method verify(com.etour.app.repository.CostRepository)
  location: class com.etour.app.service.BookingServiceTest
[ERROR] /D:/CDAC/project/prjejject/src/main/java/com/etour/app/service/BookingServiceTest.java:[124,9] cannot find symbol
  symbol:   method verify(com.etour.app.repository.BookingHeaderRepository)
  location: class com.etour.app.service.BookingServiceTest
[ERROR] /D:/CDAC/project/prjejject/src/main/java/com/etour/app/service/BookingServiceTest.java:[124,34] cannot find symbol
  symbol:   method any(java.lang.Class<com.etour.app.entity.BookingHeader>)
  location: class com.etour.app.service.BookingServiceTest
[ERROR] /D:/CDAC/project/prjejject/src/main/java/com/etour/app/service/BookingServiceTest.java:[125,31] cannot find symbol
  symbol:   method times(int)
  location: class com.etour.app.service.BookingServiceTest
[ERROR] /D:/CDAC/project/prjejject/src/main/java/com/etour/app/service/BookingServiceTest.java:[125,46] cannot find symbol
  symbol:   method any(java.lang.Class<com.etour.app.entity.PassengerMaster>)
  location: class com.etour.app.service.BookingServiceTest
[ERROR] /D:/CDAC/project/prjejject/src/main/java/com/etour/app/service/BookingServiceTest.java:[141,9] cannot find symbol
  symbol:   method when(java.util.Optional<com.etour.app.entity.BookingHeader>)
  location: class com.etour.app.service.BookingServiceTest
[ERROR] /D:/CDAC/project/prjejject/src/main/java/com/etour/app/service/BookingServiceTest.java:[147,9] cannot find symbol
  symbol:   method assertNotNull(com.etour.app.dto.BookingResponseDTO)
  location: class com.etour.app.service.BookingServiceTest
[ERROR] /D:/CDAC/project/prjejject/src/main/java/com/etour/app/service/BookingServiceTest.java:[148,9] cannot find symbol
  symbol:   method assertEquals(int,java.lang.Integer)
  location: class com.etour.app.service.BookingServiceTest
[ERROR] /D:/CDAC/project/prjejject/src/main/java/com/etour/app/service/BookingServiceTest.java:[149,9] cannot find symbol
  symbol:   method assertEquals(java.lang.String,java.lang.String)
  location: class com.etour.app.service.BookingServiceTest
[ERROR] /D:/CDAC/project/prjejject/src/main/java/com/etour/app/service/BookingServiceTest.java:[150,9] cannot find symbol
  symbol:   method assertEquals(java.lang.String,java.lang.String)
  location: class com.etour.app.service.BookingServiceTest
[ERROR] /D:/CDAC/project/prjejject/src/main/java/com/etour/app/service/BookingServiceTest.java:[151,9] cannot find symbol
  symbol:   method assertEquals(java.lang.String,java.lang.String)
  location: class com.etour.app.service.BookingServiceTest
[ERROR] /D:/CDAC/project/prjejject/src/main/java/com/etour/app/service/BookingServiceTest.java:[153,9] cannot find symbol
  symbol:   method verify(com.etour.app.repository.BookingHeaderRepository)
  location: class com.etour.app.service.BookingServiceTest
[INFO] 44 errors 
[INFO] -------------------------------------------------------------
[INFO] ------------------------------------------------------------------------
[INFO] BUILD FAILURE
[INFO] ------------------------------------------------------------------------
[INFO] Total time:  7.562 s
[INFO] Finished at: 2026-01-28T18:27:31+05:30
[INFO] ------------------------------------------------------------------------
[ERROR] Failed to execute goal org.apache.maven.plugins:maven-compiler-plugin:3.14.1:compile (default-compile) on project ETourApp: Compilation failure: Compilation failure: 
[ERROR] /D:/CDAC/project/prjejject/src/main/java/com/etour/app/service/BookingServiceTest.java:[3,36] package org.junit.jupiter.api does not exist
[ERROR] /D:/CDAC/project/prjejject/src/main/java/com/etour/app/service/BookingServiceTest.java:[4,26] package org.mockito does not exist
[ERROR] /D:/CDAC/project/prjejject/src/main/java/com/etour/app/service/BookingServiceTest.java:[4,1] static import only from classes and interfaces
[ERROR] /D:/CDAC/project/prjejject/src/main/java/com/etour/app/service/BookingServiceTest.java:[5,26] package org.mockito does not exist
[ERROR] /D:/CDAC/project/prjejject/src/main/java/com/etour/app/service/BookingServiceTest.java:[13,29] package org.junit.jupiter.api does not exist
[ERROR] /D:/CDAC/project/prjejject/src/main/java/com/etour/app/service/BookingServiceTest.java:[14,29] package org.junit.jupiter.api does not exist
[ERROR] /D:/CDAC/project/prjejject/src/main/java/com/etour/app/service/BookingServiceTest.java:[15,39] package org.junit.jupiter.api.extension does not exist
[ERROR] /D:/CDAC/project/prjejject/src/main/java/com/etour/app/service/BookingServiceTest.java:[16,19] package org.mockito does not exist
[ERROR] /D:/CDAC/project/prjejject/src/main/java/com/etour/app/service/BookingServiceTest.java:[17,19] package org.mockito does not exist
[ERROR] /D:/CDAC/project/prjejject/src/main/java/com/etour/app/service/BookingServiceTest.java:[18,33] package org.mockito.junit.jupiter does not exist
[ERROR] /D:/CDAC/project/prjejject/src/main/java/com/etour/app/service/BookingServiceTest.java:[27,2] cannot find symbol
[ERROR]   symbol: class ExtendWith
[ERROR] /D:/CDAC/project/prjejject/src/main/java/com/etour/app/service/BookingServiceTest.java:[27,13] cannot find symbol
[ERROR]   symbol: class MockitoExtension
[ERROR] /D:/CDAC/project/prjejject/src/main/java/com/etour/app/service/BookingServiceTest.java:[31,6] cannot find symbol
[ERROR]   symbol:   class InjectMocks
[ERROR]   location: class com.etour.app.service.BookingServiceTest
[ERROR] /D:/CDAC/project/prjejject/src/main/java/com/etour/app/service/BookingServiceTest.java:[35,6] cannot find symbol
[ERROR]   symbol:   class Mock
[ERROR]   location: class com.etour.app.service.BookingServiceTest
[ERROR] /D:/CDAC/project/prjejject/src/main/java/com/etour/app/service/BookingServiceTest.java:[36,6] cannot find symbol
[ERROR]   symbol:   class Mock
[ERROR]   location: class com.etour.app.service.BookingServiceTest
[ERROR] /D:/CDAC/project/prjejject/src/main/java/com/etour/app/service/BookingServiceTest.java:[37,6] cannot find symbol
[ERROR]   symbol:   class Mock
[ERROR]   location: class com.etour.app.service.BookingServiceTest
[ERROR] /D:/CDAC/project/prjejject/src/main/java/com/etour/app/service/BookingServiceTest.java:[38,6] cannot find symbol
[ERROR]   symbol:   class Mock
[ERROR]   location: class com.etour.app.service.BookingServiceTest
[ERROR] /D:/CDAC/project/prjejject/src/main/java/com/etour/app/service/BookingServiceTest.java:[39,6] cannot find symbol
[ERROR]   symbol:   class Mock
[ERROR]   location: class com.etour.app.service.BookingServiceTest
[ERROR] /D:/CDAC/project/prjejject/src/main/java/com/etour/app/service/BookingServiceTest.java:[40,6] cannot find symbol
[ERROR]   symbol:   class Mock
[ERROR]   location: class com.etour.app.service.BookingServiceTest
[ERROR] /D:/CDAC/project/prjejject/src/main/java/com/etour/app/service/BookingServiceTest.java:[49,6] cannot find symbol
[ERROR]   symbol:   class BeforeEach
[ERROR]   location: class com.etour.app.service.BookingServiceTest
[ERROR] /D:/CDAC/project/prjejject/src/main/java/com/etour/app/service/BookingServiceTest.java:[81,6] cannot find symbol
[ERROR]   symbol:   class Test
[ERROR]   location: class com.etour.app.service.BookingServiceTest
[ERROR] /D:/CDAC/project/prjejject/src/main/java/com/etour/app/service/BookingServiceTest.java:[131,6] cannot find symbol
[ERROR]   symbol:   class Test
[ERROR]   location: class com.etour.app.service.BookingServiceTest
[ERROR] /D:/CDAC/project/prjejject/src/main/java/com/etour/app/service/BookingServiceTest.java:[104,9] cannot find symbol
[ERROR]   symbol:   method when(java.util.Optional<com.etour.app.entity.CustomerMaster>)
[ERROR]   location: class com.etour.app.service.BookingServiceTest
[ERROR] /D:/CDAC/project/prjejject/src/main/java/com/etour/app/service/BookingServiceTest.java:[105,9] cannot find symbol
[ERROR]   symbol:   method when(java.util.Optional<com.etour.app.entity.TourMaster>)
[ERROR]   location: class com.etour.app.service.BookingServiceTest
[ERROR] /D:/CDAC/project/prjejject/src/main/java/com/etour/app/service/BookingServiceTest.java:[106,9] cannot find symbol
[ERROR]   symbol:   method when(java.util.Optional<com.etour.app.entity.DepartureDateMaster>)
[ERROR]   location: class com.etour.app.service.BookingServiceTest
[ERROR] /D:/CDAC/project/prjejject/src/main/java/com/etour/app/service/BookingServiceTest.java:[107,9] cannot find symbol
[ERROR]   symbol:   method when(java.util.List<com.etour.app.entity.CostMaster>)
[ERROR]   location: class com.etour.app.service.BookingServiceTest
[ERROR] /D:/CDAC/project/prjejject/src/main/java/com/etour/app/service/BookingServiceTest.java:[112,31] cannot find symbol
[ERROR]   symbol:   method any(java.lang.Class<com.etour.app.entity.BookingHeader>)
[ERROR]   location: class com.etour.app.service.BookingServiceTest
[ERROR] /D:/CDAC/project/prjejject/src/main/java/com/etour/app/service/BookingServiceTest.java:[117,9] cannot find symbol
[ERROR]   symbol:   method assertNotNull(com.etour.app.entity.BookingHeader)
[ERROR]   location: class com.etour.app.service.BookingServiceTest
[ERROR] /D:/CDAC/project/prjejject/src/main/java/com/etour/app/service/BookingServiceTest.java:[118,9] cannot find symbol
[ERROR]   symbol:   method assertEquals(int,java.lang.Integer)
[ERROR]   location: class com.etour.app.service.BookingServiceTest
[ERROR] /D:/CDAC/project/prjejject/src/main/java/com/etour/app/service/BookingServiceTest.java:[120,9] cannot find symbol
[ERROR]   symbol:   method verify(com.etour.app.repository.CustomerRepository)
[ERROR]   location: class com.etour.app.service.BookingServiceTest
[ERROR] /D:/CDAC/project/prjejject/src/main/java/com/etour/app/service/BookingServiceTest.java:[121,9] cannot find symbol
[ERROR]   symbol:   method verify(com.etour.app.repository.TourRepository)
[ERROR]   location: class com.etour.app.service.BookingServiceTest
[ERROR] /D:/CDAC/project/prjejject/src/main/java/com/etour/app/service/BookingServiceTest.java:[122,9] cannot find symbol
[ERROR]   symbol:   method verify(com.etour.app.repository.DepartureDateRepository)
[ERROR]   location: class com.etour.app.service.BookingServiceTest
[ERROR] /D:/CDAC/project/prjejject/src/main/java/com/etour/app/service/BookingServiceTest.java:[123,9] cannot find symbol
[ERROR]   symbol:   method verify(com.etour.app.repository.CostRepository)
[ERROR]   location: class com.etour.app.service.BookingServiceTest
[ERROR] /D:/CDAC/project/prjejject/src/main/java/com/etour/app/service/BookingServiceTest.java:[124,9] cannot find symbol
[ERROR]   symbol:   method verify(com.etour.app.repository.BookingHeaderRepository)
[ERROR]   location: class com.etour.app.service.BookingServiceTest
[ERROR] /D:/CDAC/project/prjejject/src/main/java/com/etour/app/service/BookingServiceTest.java:[124,34] cannot find symbol
[ERROR]   symbol:   method any(java.lang.Class<com.etour.app.entity.BookingHeader>)
[ERROR]   location: class com.etour.app.service.BookingServiceTest
[ERROR] /D:/CDAC/project/prjejject/src/main/java/com/etour/app/service/BookingServiceTest.java:[125,31] cannot find symbol
[ERROR]   symbol:   method times(int)
[ERROR]   location: class com.etour.app.service.BookingServiceTest
[ERROR] /D:/CDAC/project/prjejject/src/main/java/com/etour/app/service/BookingServiceTest.java:[125,46] cannot find symbol
[ERROR]   symbol:   method any(java.lang.Class<com.etour.app.entity.PassengerMaster>)
[ERROR]   location: class com.etour.app.service.BookingServiceTest
[ERROR] /D:/CDAC/project/prjejject/src/main/java/com/etour/app/service/BookingServiceTest.java:[141,9] cannot find symbol
[ERROR]   symbol:   method when(java.util.Optional<com.etour.app.entity.BookingHeader>)
[ERROR]   location: class com.etour.app.service.BookingServiceTest
[ERROR] /D:/CDAC/project/prjejject/src/main/java/com/etour/app/service/BookingServiceTest.java:[147,9] cannot find symbol
[ERROR]   symbol:   method assertNotNull(com.etour.app.dto.BookingResponseDTO)
[ERROR]   location: class com.etour.app.service.BookingServiceTest
[ERROR] /D:/CDAC/project/prjejject/src/main/java/com/etour/app/service/BookingServiceTest.java:[148,9] cannot find symbol
[ERROR]   symbol:   method assertEquals(int,java.lang.Integer)
[ERROR]   location: class com.etour.app.service.BookingServiceTest
[ERROR] /D:/CDAC/project/prjejject/src/main/java/com/etour/app/service/BookingServiceTest.java:[149,9] cannot find symbol
[ERROR]   symbol:   method assertEquals(java.lang.String,java.lang.String)
[ERROR]   location: class com.etour.app.service.BookingServiceTest
[ERROR] /D:/CDAC/project/prjejject/src/main/java/com/etour/app/service/BookingServiceTest.java:[150,9] cannot find symbol
[ERROR]   symbol:   method assertEquals(java.lang.String,java.lang.String)
[ERROR]   location: class com.etour.app.service.BookingServiceTest
[ERROR] /D:/CDAC/project/prjejject/src/main/java/com/etour/app/service/BookingServiceTest.java:[151,9] cannot find symbol
[ERROR]   symbol:   method assertEquals(java.lang.String,java.lang.String)
[ERROR]   location: class com.etour.app.service.BookingServiceTest
[ERROR] /D:/CDAC/project/prjejject/src/main/java/com/etour/app/service/BookingServiceTest.java:[153,9] cannot find symbol
[ERROR]   symbol:   method verify(com.etour.app.repository.BookingHeaderRepository)
[ERROR]   location: class com.etour.app.service.BookingServiceTest
[ERROR] -> [Help 1]
[ERROR] 
[ERROR] To see the full stack trace of the errors, re-run Maven with the -e switch.
[ERROR] Re-run Maven using the -X switch to enable full debug logging.
[ERROR] 
[ERROR] For more information about the errors and possible solutions, please read the following articles:
[ERROR] [Help 1] http://cwiki.apache.org/confluence/display/MAVEN/MojoFailureException
